// Jest Snapshot v1, https://goo.gl/fbAQLP

exports[`Pruebas sobre <GifsGridItem /> Debe de mostrar correctamente el componente 1`] = `
<div
  className="card animate__animated animate__fadeIn"
>
  <img
    alt="titulo"
    src="https://www.localhost/algo.jpg"
  />
  <p>
    titulo
  </p>
</div>
`;
